{
  "version": "1.5.0",
  "plugins_used": [
    {
      "name": "ArtifactoryDetector"
    },
    {
      "name": "AWSKeyDetector"
    },
    {
      "name": "AzureStorageKeyDetector"
    },
    {
      "name": "Base64HighEntropyString",
      "limit": 4.5
    },
    {
      "name": "BasicAuthDetector"
    },
    {
      "name": "CloudantDetector"
    },
    {
      "name": "DiscordBotTokenDetector"
    },
    {
      "name": "GitHubTokenDetector"
    },
    {
      "name": "GitLabTokenDetector"
    },
    {
      "name": "HexHighEntropyString",
      "limit": 3.0
    },
    {
      "name": "IbmCloudIamDetector"
    },
    {
      "name": "IbmCosHmacDetector"
    },
    {
      "name": "IPPublicDetector"
    },
    {
      "name": "JwtTokenDetector"
    },
    {
      "name": "KeywordDetector",
      "keyword_exclude": ""
    },
    {
      "name": "MailchimpDetector"
    },
    {
      "name": "NpmDetector"
    },
    {
      "name": "OpenAIDetector"
    },
    {
      "name": "PrivateKeyDetector"
    },
    {
      "name": "PypiTokenDetector"
    },
    {
      "name": "SendGridDetector"
    },
    {
      "name": "SlackDetector"
    },
    {
      "name": "SoftlayerDetector"
    },
    {
      "name": "SquareOAuthDetector"
    },
    {
      "name": "StripeDetector"
    },
    {
      "name": "TelegramBotTokenDetector"
    },
    {
      "name": "TwilioKeyDetector"
    }
  ],
  "filters_used": [
    {
      "path": "detect_secrets.filters.allowlist.is_line_allowlisted"
    },
    {
      "path": "detect_secrets.filters.common.is_baseline_file",
      "filename": ".secrets.baseline"
    },
    {
      "path": "detect_secrets.filters.common.is_ignored_due_to_verification_policies",
      "min_level": 2
    },
    {
      "path": "detect_secrets.filters.heuristic.is_indirect_reference"
    },
    {
      "path": "detect_secrets.filters.heuristic.is_likely_id_string"
    },
    {
      "path": "detect_secrets.filters.heuristic.is_lock_file"
    },
    {
      "path": "detect_secrets.filters.heuristic.is_not_alphanumeric_string"
    },
    {
      "path": "detect_secrets.filters.heuristic.is_potential_uuid"
    },
    {
      "path": "detect_secrets.filters.heuristic.is_prefixed_with_dollar_sign"
    },
    {
      "path": "detect_secrets.filters.heuristic.is_sequential_string"
    },
    {
      "path": "detect_secrets.filters.heuristic.is_swagger_file"
    },
    {
      "path": "detect_secrets.filters.heuristic.is_templated_secret"
    },
    {
      "path": "detect_secrets.filters.regex.should_exclude_file",
      "pattern": [
        "\\.lock$|package-lock\\.json$|pnpm-lock\\.yaml$|\\.min\\.(js|css)$"
      ]
    }
  ],
  "results": {
    ".env.database": [
      {
        "type": "Basic Auth Credentials",
        "filename": ".env.database",
        "hashed_secret": "67caa4c06652ef622b55ef36808179d4625aefd1",
        "is_verified": false,
        "line_number": 22
      }
    ],
    "README-DATABASE.md": [
      {
        "type": "Basic Auth Credentials",
        "filename": "README-DATABASE.md",
        "hashed_secret": "67caa4c06652ef622b55ef36808179d4625aefd1",
        "is_verified": false,
        "line_number": 94
      },
      {
        "type": "Basic Auth Credentials",
        "filename": "README-DATABASE.md",
        "hashed_secret": "9d4e1e23bd5b727046a9e3b4b7db57bd8d6ee684",
        "is_verified": false,
        "line_number": 191
      }
    ],
    "compose.local.yml": [
      {
        "type": "Basic Auth Credentials",
        "filename": "compose.local.yml",
        "hashed_secret": "afc848c316af1a89d49826c5ae9d00ed769415f3",
        "is_verified": false,
        "line_number": 14
      },
      {
        "type": "Secret Keyword",
        "filename": "compose.local.yml",
        "hashed_secret": "afc848c316af1a89d49826c5ae9d00ed769415f3",
        "is_verified": false,
        "line_number": 167
      }
    ],
    "docker-compose.database.yml": [
      {
        "type": "Secret Keyword",
        "filename": "docker-compose.database.yml",
        "hashed_secret": "97cdbdc7feff827efb082a6b6dd2727237cd49fd",
        "is_verified": false,
        "line_number": 73
      }
    ],
    "docs/archive/analysis/DATABASE_OPTIMIZATION_SETUP.md": [
      {
        "type": "Secret Keyword",
        "filename": "docs/archive/analysis/DATABASE_OPTIMIZATION_SETUP.md",
        "hashed_secret": "a616a64c0fbc30f12287d0f24f3b90dd2e6a206e",
        "is_verified": false,
        "line_number": 495
      }
    ],
    "docs/archive/planning/COORDINATION_EXECUTION_SUMMARY.md": [
      {
        "type": "Basic Auth Credentials",
        "filename": "docs/archive/planning/COORDINATION_EXECUTION_SUMMARY.md",
        "hashed_secret": "3b3095c65f614250957c145eef05630edb3b6843",
        "is_verified": false,
        "line_number": 23
      }
    ],
    "docs/archive/planning/QUICK_START_DATABASE.md": [
      {
        "type": "Secret Keyword",
        "filename": "docs/archive/planning/QUICK_START_DATABASE.md",
        "hashed_secret": "cbfdac6008f9cab4083784cbd1874f76618d2a97",
        "is_verified": false,
        "line_number": 23
      },
      {
        "type": "Secret Keyword",
        "filename": "docs/archive/planning/QUICK_START_DATABASE.md",
        "hashed_secret": "3b3095c65f614250957c145eef05630edb3b6843",
        "is_verified": false,
        "line_number": 36
      }
    ],
    "docs/archive/planning/UPGRADE_PLAN.md": [
      {
        "type": "Basic Auth Credentials",
        "filename": "docs/archive/planning/UPGRADE_PLAN.md",
        "hashed_secret": "c94d65f02a652d11c2e5c2e1ccf38dce5a076e1e",
        "is_verified": false,
        "line_number": 139
      }
    ],
    "docs/audit_findings/orchestration_service_security.md": [
      {
        "type": "Secret Keyword",
        "filename": "docs/audit_findings/orchestration_service_security.md",
        "hashed_secret": "b42c1166aa6b91895221eae1b612cca07c78bfb8",
        "is_verified": false,
        "line_number": 68
      },
      {
        "type": "Secret Keyword",
        "filename": "docs/audit_findings/orchestration_service_security.md",
        "hashed_secret": "3b3095c65f614250957c145eef05630edb3b6843",
        "is_verified": false,
        "line_number": 567
      }
    ],
    "docs/guides/database-setup.md": [
      {
        "type": "Basic Auth Credentials",
        "filename": "docs/guides/database-setup.md",
        "hashed_secret": "3b3095c65f614250957c145eef05630edb3b6843",
        "is_verified": false,
        "line_number": 147
      },
      {
        "type": "Secret Keyword",
        "filename": "docs/guides/database-setup.md",
        "hashed_secret": "3b3095c65f614250957c145eef05630edb3b6843",
        "is_verified": false,
        "line_number": 288
      },
      {
        "type": "Basic Auth Credentials",
        "filename": "docs/guides/database-setup.md",
        "hashed_secret": "5baa61e4c9b93f3f0682250b6cf8331b7ee68fd8",
        "is_verified": false,
        "line_number": 395
      }
    ],
    "env.template": [
      {
        "type": "Secret Keyword",
        "filename": "env.template",
        "hashed_secret": "26adb00e3d2ce26c9d600cf5c2a8e02304380ad2",
        "is_verified": false,
        "line_number": 42
      },
      {
        "type": "Secret Keyword",
        "filename": "env.template",
        "hashed_secret": "1c62a4b046cabb6f4f6e3c79b26ef996f1b87e2e",
        "is_verified": false,
        "line_number": 45
      },
      {
        "type": "Secret Keyword",
        "filename": "env.template",
        "hashed_secret": "d82e4f2c41e676b1b941b0d00ced2f31a319e4c0",
        "is_verified": false,
        "line_number": 49
      },
      {
        "type": "Secret Keyword",
        "filename": "env.template",
        "hashed_secret": "1e4407821a8de22ec2966c4895d3143e7fb32d64",
        "is_verified": false,
        "line_number": 52
      },
      {
        "type": "Secret Keyword",
        "filename": "env.template",
        "hashed_secret": "e5a250385c08d8347510a0ae26659be9a5ed8639",
        "is_verified": false,
        "line_number": 118
      },
      {
        "type": "Secret Keyword",
        "filename": "env.template",
        "hashed_secret": "96f5ba43e8a1cc4a7a817b3a9b9c6faac6d6fbfc",
        "is_verified": false,
        "line_number": 123
      },
      {
        "type": "Secret Keyword",
        "filename": "env.template",
        "hashed_secret": "61aafb9cfd6b63ce4a678dd73269bdc815c477a1",
        "is_verified": false,
        "line_number": 156
      },
      {
        "type": "Secret Keyword",
        "filename": "env.template",
        "hashed_secret": "4d6d422a391673ef880012fea8a023de956e5e6e",
        "is_verified": false,
        "line_number": 194
      }
    ],
    "meeting-bot/README.md": [
      {
        "type": "Secret Keyword",
        "filename": "meeting-bot/README.md",
        "hashed_secret": "45d676e7c6ab44cf4b8fa366ef2d8fccd3e6d6e6",
        "is_verified": false,
        "line_number": 203
      }
    ],
    "modules/bot-container/AUTHENTICATION.md": [
      {
        "type": "Secret Keyword",
        "filename": "modules/bot-container/AUTHENTICATION.md",
        "hashed_secret": "45d676e7c6ab44cf4b8fa366ef2d8fccd3e6d6e6",
        "is_verified": false,
        "line_number": 76
      }
    ],
    "modules/bot-container/tests/integration/test_simple_join.py": [
      {
        "type": "Secret Keyword",
        "filename": "modules/bot-container/tests/integration/test_simple_join.py",
        "hashed_secret": "bf08c4bffa27b89ee17f73732352ca5118470bfe",
        "is_verified": false,
        "line_number": 26
      }
    ],
    "modules/meeting-bot-service/README.md": [
      {
        "type": "Secret Keyword",
        "filename": "modules/meeting-bot-service/README.md",
        "hashed_secret": "45d676e7c6ab44cf4b8fa366ef2d8fccd3e6d6e6",
        "is_verified": false,
        "line_number": 203
      }
    ],
    "modules/orchestration-service/DATA_PIPELINE_README.md": [
      {
        "type": "Secret Keyword",
        "filename": "modules/orchestration-service/DATA_PIPELINE_README.md",
        "hashed_secret": "3b3095c65f614250957c145eef05630edb3b6843",
        "is_verified": false,
        "line_number": 267
      }
    ],
    "modules/orchestration-service/IMPLEMENTATION_SUMMARY.md": [
      {
        "type": "Secret Keyword",
        "filename": "modules/orchestration-service/IMPLEMENTATION_SUMMARY.md",
        "hashed_secret": "3b3095c65f614250957c145eef05630edb3b6843",
        "is_verified": false,
        "line_number": 301
      }
    ],
    "modules/orchestration-service/PIPELINE_INTEGRATION_COMPLETE.md": [
      {
        "type": "Basic Auth Credentials",
        "filename": "modules/orchestration-service/PIPELINE_INTEGRATION_COMPLETE.md",
        "hashed_secret": "5baa61e4c9b93f3f0682250b6cf8331b7ee68fd8",
        "is_verified": false,
        "line_number": 650
      }
    ],
    "modules/orchestration-service/PIPELINE_INTEGRATION_SUMMARY.md": [
      {
        "type": "Secret Keyword",
        "filename": "modules/orchestration-service/PIPELINE_INTEGRATION_SUMMARY.md",
        "hashed_secret": "3b3095c65f614250957c145eef05630edb3b6843",
        "is_verified": false,
        "line_number": 197
      }
    ],
    "modules/orchestration-service/PRODUCTION_FIXES_SUMMARY.md": [
      {
        "type": "Secret Keyword",
        "filename": "modules/orchestration-service/PRODUCTION_FIXES_SUMMARY.md",
        "hashed_secret": "5baa61e4c9b93f3f0682250b6cf8331b7ee68fd8",
        "is_verified": false,
        "line_number": 436
      }
    ],
    "modules/orchestration-service/alembic.ini": [
      {
        "type": "Basic Auth Credentials",
        "filename": "modules/orchestration-service/alembic.ini",
        "hashed_secret": "5baa61e4c9b93f3f0682250b6cf8331b7ee68fd8",
        "is_verified": false,
        "line_number": 61
      }
    ],
    "modules/orchestration-service/alembic/versions/002_make_session_events_session_id_nullable.py": [
      {
        "type": "Hex High Entropy String",
        "filename": "modules/orchestration-service/alembic/versions/002_make_session_events_session_id_nullable.py",
        "hashed_secret": "1862ba9f0a83c6bac1d8e6dd712f4b43cae667b1",
        "is_verified": false,
        "line_number": 22
      }
    ],
    "modules/orchestration-service/alembic/versions/5f3bcf8a26da_add_all_missing_tables_and_indexes.py": [
      {
        "type": "Hex High Entropy String",
        "filename": "modules/orchestration-service/alembic/versions/5f3bcf8a26da_add_all_missing_tables_and_indexes.py",
        "hashed_secret": "1862ba9f0a83c6bac1d8e6dd712f4b43cae667b1",
        "is_verified": false,
        "line_number": 14
      }
    ],
    "modules/orchestration-service/docs/configuration/CONFIGURATION_GUIDE.md": [
      {
        "type": "Basic Auth Credentials",
        "filename": "modules/orchestration-service/docs/configuration/CONFIGURATION_GUIDE.md",
        "hashed_secret": "745d0b2380e21353d526db47a87158f2065563ee",
        "is_verified": false,
        "line_number": 263
      }
    ],
    "modules/orchestration-service/docs/fixes/FIXES_APPLIED.md": [
      {
        "type": "Secret Keyword",
        "filename": "modules/orchestration-service/docs/fixes/FIXES_APPLIED.md",
        "hashed_secret": "afc848c316af1a89d49826c5ae9d00ed769415f3",
        "is_verified": false,
        "line_number": 13
      }
    ],
    "modules/orchestration-service/docs/reference/GOOGLE_MEET_REFERENCES.md": [
      {
        "type": "Base64 High Entropy String",
        "filename": "modules/orchestration-service/docs/reference/GOOGLE_MEET_REFERENCES.md",
        "hashed_secret": "96df253b450e73f91aa710960a7dc639544e68fe",
        "is_verified": false,
        "line_number": 950
      }
    ],
    "modules/orchestration-service/monitoring/alertmanager/alertmanager.yml": [
      {
        "type": "Secret Keyword",
        "filename": "modules/orchestration-service/monitoring/alertmanager/alertmanager.yml",
        "hashed_secret": "5baa61e4c9b93f3f0682250b6cf8331b7ee68fd8",
        "is_verified": false,
        "line_number": 5
      },
      {
        "type": "Secret Keyword",
        "filename": "modules/orchestration-service/monitoring/alertmanager/alertmanager.yml",
        "hashed_secret": "38abc48c1eb5838519ab0372fbf38f1eb0f3f73c",
        "is_verified": false,
        "line_number": 48
      }
    ],
    "modules/orchestration-service/scripts/setup_database.py": [
      {
        "type": "Basic Auth Credentials",
        "filename": "modules/orchestration-service/scripts/setup_database.py",
        "hashed_secret": "9d4e1e23bd5b727046a9e3b4b7db57bd8d6ee684",
        "is_verified": false,
        "line_number": 10
      }
    ],
    "modules/orchestration-service/scripts/setup_database.sh": [
      {
        "type": "Basic Auth Credentials",
        "filename": "modules/orchestration-service/scripts/setup_database.sh",
        "hashed_secret": "67caa4c06652ef622b55ef36808179d4625aefd1",
        "is_verified": false,
        "line_number": 26
      }
    ],
    "modules/orchestration-service/src/audio/audio_coordinator.py": [
      {
        "type": "Basic Auth Credentials",
        "filename": "modules/orchestration-service/src/audio/audio_coordinator.py",
        "hashed_secret": "5baa61e4c9b93f3f0682250b6cf8331b7ee68fd8",
        "is_verified": false,
        "line_number": 2344
      }
    ],
    "modules/orchestration-service/src/audio/chunk_manager.py": [
      {
        "type": "Basic Auth Credentials",
        "filename": "modules/orchestration-service/src/audio/chunk_manager.py",
        "hashed_secret": "5baa61e4c9b93f3f0682250b6cf8331b7ee68fd8",
        "is_verified": false,
        "line_number": 750
      }
    ],
    "modules/orchestration-service/src/audio/database_adapter.py": [
      {
        "type": "Basic Auth Credentials",
        "filename": "modules/orchestration-service/src/audio/database_adapter.py",
        "hashed_secret": "5baa61e4c9b93f3f0682250b6cf8331b7ee68fd8",
        "is_verified": false,
        "line_number": 802
      }
    ],
    "modules/orchestration-service/src/bot/bot_manager.py": [
      {
        "type": "Secret Keyword",
        "filename": "modules/orchestration-service/src/bot/bot_manager.py",
        "hashed_secret": "3b3095c65f614250957c145eef05630edb3b6843",
        "is_verified": false,
        "line_number": 321
      }
    ],
    "modules/orchestration-service/src/database/bot_session_manager.py": [
      {
        "type": "Secret Keyword",
        "filename": "modules/orchestration-service/src/database/bot_session_manager.py",
        "hashed_secret": "3b3095c65f614250957c145eef05630edb3b6843",
        "is_verified": false,
        "line_number": 1115
      }
    ],
    "modules/orchestration-service/src/managers/config_manager.py": [
      {
        "type": "Basic Auth Credentials",
        "filename": "modules/orchestration-service/src/managers/config_manager.py",
        "hashed_secret": "5baa61e4c9b93f3f0682250b6cf8331b7ee68fd8",
        "is_verified": false,
        "line_number": 336
      }
    ],
    "modules/orchestration-service/src/models/fireflies.py": [
      {
        "type": "Secret Keyword",
        "filename": "modules/orchestration-service/src/models/fireflies.py",
        "hashed_secret": "72ee8536f0fda7d2e4699834cfb1154f4e0ea523",
        "is_verified": false,
        "line_number": 239
      }
    ],
    "modules/orchestration-service/src/pipeline/data_pipeline.py": [
      {
        "type": "Secret Keyword",
        "filename": "modules/orchestration-service/src/pipeline/data_pipeline.py",
        "hashed_secret": "3b3095c65f614250957c145eef05630edb3b6843",
        "is_verified": false,
        "line_number": 951
      }
    ],
    "modules/orchestration-service/tests/audio/README.md": [
      {
        "type": "Basic Auth Credentials",
        "filename": "modules/orchestration-service/tests/audio/README.md",
        "hashed_secret": "5baa61e4c9b93f3f0682250b6cf8331b7ee68fd8",
        "is_verified": false,
        "line_number": 105
      }
    ],
    "modules/orchestration-service/tests/conftest.py": [
      {
        "type": "Basic Auth Credentials",
        "filename": "modules/orchestration-service/tests/conftest.py",
        "hashed_secret": "67caa4c06652ef622b55ef36808179d4625aefd1",
        "is_verified": false,
        "line_number": 23
      }
    ],
    "modules/orchestration-service/tests/fireflies/conftest.py": [
      {
        "type": "Secret Keyword",
        "filename": "modules/orchestration-service/tests/fireflies/conftest.py",
        "hashed_secret": "1bf32daa775c70b6797728fe4bf17862ccd38224",
        "is_verified": false,
        "line_number": 290
      }
    ],
    "modules/orchestration-service/tests/fireflies/e2e/test_5min_spanish_to_english_e2e.py": [
      {
        "type": "Secret Keyword",
        "filename": "modules/orchestration-service/tests/fireflies/e2e/test_5min_spanish_to_english_e2e.py",
        "hashed_secret": "482fcdc76e4989c4fa03c2918762711c2aabdde0",
        "is_verified": false,
        "line_number": 45
      }
    ],
    "modules/orchestration-service/tests/fireflies/e2e/test_full_pipeline_e2e.py": [
      {
        "type": "Secret Keyword",
        "filename": "modules/orchestration-service/tests/fireflies/e2e/test_full_pipeline_e2e.py",
        "hashed_secret": "76bcd6be7ca712330b6237bf3b4271fc7e5c8580",
        "is_verified": false,
        "line_number": 53
      }
    ],
    "modules/orchestration-service/tests/fireflies/e2e/test_import_pipeline_e2e.py": [
      {
        "type": "Secret Keyword",
        "filename": "modules/orchestration-service/tests/fireflies/e2e/test_import_pipeline_e2e.py",
        "hashed_secret": "767ef7376d44bb6e52b390ddcd12c1cb1b3902a4",
        "is_verified": false,
        "line_number": 284
      },
      {
        "type": "Secret Keyword",
        "filename": "modules/orchestration-service/tests/fireflies/e2e/test_import_pipeline_e2e.py",
        "hashed_secret": "00942f4668670f34c5943cf52c7ef3139fe2b8d6",
        "is_verified": false,
        "line_number": 361
      }
    ],
    "modules/orchestration-service/tests/fireflies/e2e/test_multiple_meeting_codes.py": [
      {
        "type": "Secret Keyword",
        "filename": "modules/orchestration-service/tests/fireflies/e2e/test_multiple_meeting_codes.py",
        "hashed_secret": "554724503bcfcc85bac281c93d5525dd471df55d",
        "is_verified": false,
        "line_number": 46
      }
    ],
    "modules/orchestration-service/tests/fireflies/integration/test_fireflies_dashboard_api.py": [
      {
        "type": "Secret Keyword",
        "filename": "modules/orchestration-service/tests/fireflies/integration/test_fireflies_dashboard_api.py",
        "hashed_secret": "3acfb2c2b433c0ea7ff107e33df91b18e52f960f",
        "is_verified": false,
        "line_number": 334
      }
    ],
    "modules/orchestration-service/tests/fireflies/integration/test_fireflies_integration.py": [
      {
        "type": "Secret Keyword",
        "filename": "modules/orchestration-service/tests/fireflies/integration/test_fireflies_integration.py",
        "hashed_secret": "2e7a7ee14caebf378fc32d6cf6f557f347c96773",
        "is_verified": false,
        "line_number": 86
      },
      {
        "type": "Secret Keyword",
        "filename": "modules/orchestration-service/tests/fireflies/integration/test_fireflies_integration.py",
        "hashed_secret": "466f4988618f419ce57648f3e0b5632b18d14054",
        "is_verified": false,
        "line_number": 279
      },
      {
        "type": "Secret Keyword",
        "filename": "modules/orchestration-service/tests/fireflies/integration/test_fireflies_integration.py",
        "hashed_secret": "dc4251ae19340b16ebc43a8474327cb62f0e4859",
        "is_verified": false,
        "line_number": 283
      }
    ],
    "modules/orchestration-service/tests/fireflies/integration/test_glossary_integration.py": [
      {
        "type": "Secret Keyword",
        "filename": "modules/orchestration-service/tests/fireflies/integration/test_glossary_integration.py",
        "hashed_secret": "561113e417cd9f0661369c2d6c6d596dbfc5cec7",
        "is_verified": false,
        "line_number": 302
      }
    ],
    "modules/orchestration-service/tests/fireflies/integration/test_mock_server_api_contract.py": [
      {
        "type": "Secret Keyword",
        "filename": "modules/orchestration-service/tests/fireflies/integration/test_mock_server_api_contract.py",
        "hashed_secret": "2e7a7ee14caebf378fc32d6cf6f557f347c96773",
        "is_verified": false,
        "line_number": 596
      }
    ],
    "modules/orchestration-service/tests/fireflies/integration/test_pipeline_dry_integration.py": [
      {
        "type": "Secret Keyword",
        "filename": "modules/orchestration-service/tests/fireflies/integration/test_pipeline_dry_integration.py",
        "hashed_secret": "3acfb2c2b433c0ea7ff107e33df91b18e52f960f",
        "is_verified": false,
        "line_number": 41
      }
    ],
    "modules/orchestration-service/tests/fireflies/mocks/fireflies_mock_server.py": [
      {
        "type": "Secret Keyword",
        "filename": "modules/orchestration-service/tests/fireflies/mocks/fireflies_mock_server.py",
        "hashed_secret": "3acfb2c2b433c0ea7ff107e33df91b18e52f960f",
        "is_verified": false,
        "line_number": 20
      }
    ],
    "modules/orchestration-service/tests/fireflies/unit/test_fireflies_client.py": [
      {
        "type": "Secret Keyword",
        "filename": "modules/orchestration-service/tests/fireflies/unit/test_fireflies_client.py",
        "hashed_secret": "3acfb2c2b433c0ea7ff107e33df91b18e52f960f",
        "is_verified": false,
        "line_number": 67
      },
      {
        "type": "Secret Keyword",
        "filename": "modules/orchestration-service/tests/fireflies/unit/test_fireflies_client.py",
        "hashed_secret": "a62f2225bf70bfaccbc7f1ef2a397836717377de",
        "is_verified": false,
        "line_number": 101
      }
    ],
    "modules/orchestration-service/tests/fireflies/unit/test_fireflies_models.py": [
      {
        "type": "Secret Keyword",
        "filename": "modules/orchestration-service/tests/fireflies/unit/test_fireflies_models.py",
        "hashed_secret": "3acfb2c2b433c0ea7ff107e33df91b18e52f960f",
        "is_verified": false,
        "line_number": 247
      },
      {
        "type": "Secret Keyword",
        "filename": "modules/orchestration-service/tests/fireflies/unit/test_fireflies_models.py",
        "hashed_secret": "a62f2225bf70bfaccbc7f1ef2a397836717377de",
        "is_verified": false,
        "line_number": 264
      }
    ],
    "modules/orchestration-service/tests/fireflies/unit/test_fireflies_router.py": [
      {
        "type": "Secret Keyword",
        "filename": "modules/orchestration-service/tests/fireflies/unit/test_fireflies_router.py",
        "hashed_secret": "a62f2225bf70bfaccbc7f1ef2a397836717377de",
        "is_verified": false,
        "line_number": 103
      }
    ],
    "modules/orchestration-service/tests/fireflies/unit/test_obs_output.py": [
      {
        "type": "Secret Keyword",
        "filename": "modules/orchestration-service/tests/fireflies/unit/test_obs_output.py",
        "hashed_secret": "9fb7fe1217aed442b04c0f5e43b5d5a7d3287097",
        "is_verified": false,
        "line_number": 54
      },
      {
        "type": "Secret Keyword",
        "filename": "modules/orchestration-service/tests/fireflies/unit/test_obs_output.py",
        "hashed_secret": "e5e9fa1ba31ecd1ae84f75caaa474f3a663f05f4",
        "is_verified": false,
        "line_number": 93
      }
    ],
    "modules/orchestration-service/tests/fireflies/unit/test_sentence_aggregator.py": [
      {
        "type": "Secret Keyword",
        "filename": "modules/orchestration-service/tests/fireflies/unit/test_sentence_aggregator.py",
        "hashed_secret": "2e7a7ee14caebf378fc32d6cf6f557f347c96773",
        "is_verified": false,
        "line_number": 75
      },
      {
        "type": "Secret Keyword",
        "filename": "modules/orchestration-service/tests/fireflies/unit/test_sentence_aggregator.py",
        "hashed_secret": "a62f2225bf70bfaccbc7f1ef2a397836717377de",
        "is_verified": false,
        "line_number": 140
      }
    ],
    "modules/orchestration-service/tests/integration/test_audio_coordinator_optimization.py": [
      {
        "type": "Basic Auth Credentials",
        "filename": "modules/orchestration-service/tests/integration/test_audio_coordinator_optimization.py",
        "hashed_secret": "67caa4c06652ef622b55ef36808179d4625aefd1",
        "is_verified": false,
        "line_number": 33
      }
    ],
    "modules/orchestration-service/tests/integration/test_translation_persistence.py": [
      {
        "type": "Basic Auth Credentials",
        "filename": "modules/orchestration-service/tests/integration/test_translation_persistence.py",
        "hashed_secret": "67caa4c06652ef622b55ef36808179d4625aefd1",
        "is_verified": false,
        "line_number": 29
      }
    ],
    "modules/translation-service/CLAUDE.md": [
      {
        "type": "Secret Keyword",
        "filename": "modules/translation-service/CLAUDE.md",
        "hashed_secret": "02ecb94373bfb3dfe827ca18409f50b016e8302a",
        "is_verified": false,
        "line_number": 515
      },
      {
        "type": "Secret Keyword",
        "filename": "modules/translation-service/CLAUDE.md",
        "hashed_secret": "1db4aba2bc9d400d5e75f5473ff811cd819a436d",
        "is_verified": false,
        "line_number": 518
      }
    ],
    "modules/translation-service/README.md": [
      {
        "type": "Secret Keyword",
        "filename": "modules/translation-service/README.md",
        "hashed_secret": "02ecb94373bfb3dfe827ca18409f50b016e8302a",
        "is_verified": false,
        "line_number": 887
      },
      {
        "type": "Secret Keyword",
        "filename": "modules/translation-service/README.md",
        "hashed_secret": "1db4aba2bc9d400d5e75f5473ff811cd819a436d",
        "is_verified": false,
        "line_number": 890
      }
    ],
    "modules/translation-service/src/openai_compatible_translator.py": [
      {
        "type": "Secret Keyword",
        "filename": "modules/translation-service/src/openai_compatible_translator.py",
        "hashed_secret": "1a37d41260f96724ee881be5e261b4d043f0626b",
        "is_verified": false,
        "line_number": 723
      },
      {
        "type": "Secret Keyword",
        "filename": "modules/translation-service/src/openai_compatible_translator.py",
        "hashed_secret": "c8f16a194efc59559549c7bd69f7bea038742e79",
        "is_verified": false,
        "line_number": 729
      },
      {
        "type": "Secret Keyword",
        "filename": "modules/translation-service/src/openai_compatible_translator.py",
        "hashed_secret": "01c92a77244f5e8e3b1e566c4a9266e724de6d98",
        "is_verified": false,
        "line_number": 775
      }
    ],
    "modules/whisper-service/README.md": [
      {
        "type": "Basic Auth Credentials",
        "filename": "modules/whisper-service/README.md",
        "hashed_secret": "9d4e1e23bd5b727046a9e3b4b7db57bd8d6ee684",
        "is_verified": false,
        "line_number": 172
      },
      {
        "type": "Secret Keyword",
        "filename": "modules/whisper-service/README.md",
        "hashed_secret": "9d4e1e23bd5b727046a9e3b4b7db57bd8d6ee684",
        "is_verified": false,
        "line_number": 524
      }
    ],
    "modules/whisper-service/ffmpeg/doc/faq.html": [
      {
        "type": "Base64 High Entropy String",
        "filename": "modules/whisper-service/ffmpeg/doc/faq.html",
        "hashed_secret": "3e5aa1e70bad9773881073478902f3aa96558ab4",
        "is_verified": false,
        "line_number": 52
      },
      {
        "type": "Base64 High Entropy String",
        "filename": "modules/whisper-service/ffmpeg/doc/faq.html",
        "hashed_secret": "6fa879937a5795e8f809e12e9f3ab2faa2bc6e9d",
        "is_verified": false,
        "line_number": 53
      },
      {
        "type": "Base64 High Entropy String",
        "filename": "modules/whisper-service/ffmpeg/doc/faq.html",
        "hashed_secret": "5f7ea68deafb72f14ed4e9b4f77951e19ddb6870",
        "is_verified": false,
        "line_number": 82
      },
      {
        "type": "Base64 High Entropy String",
        "filename": "modules/whisper-service/ffmpeg/doc/faq.html",
        "hashed_secret": "1c7f2273ad3ad7fbd1beed6e3e36a16407da6e99",
        "is_verified": false,
        "line_number": 365
      },
      {
        "type": "Base64 High Entropy String",
        "filename": "modules/whisper-service/ffmpeg/doc/faq.html",
        "hashed_secret": "193c0118c6a3a636b7af92ac2e7d96364e88472a",
        "is_verified": false,
        "line_number": 371
      },
      {
        "type": "Base64 High Entropy String",
        "filename": "modules/whisper-service/ffmpeg/doc/faq.html",
        "hashed_secret": "5e317478856d470428675da7ad79b38f8932fd0f",
        "is_verified": false,
        "line_number": 768
      }
    ],
    "modules/whisper-service/ffmpeg/doc/ffmpeg-all.html": [
      {
        "type": "Basic Auth Credentials",
        "filename": "modules/whisper-service/ffmpeg/doc/ffmpeg-all.html",
        "hashed_secret": "5baa61e4c9b93f3f0682250b6cf8331b7ee68fd8",
        "is_verified": false,
        "line_number": 23945
      }
    ],
    "modules/whisper-service/ffmpeg/doc/ffmpeg-protocols.html": [
      {
        "type": "Basic Auth Credentials",
        "filename": "modules/whisper-service/ffmpeg/doc/ffmpeg-protocols.html",
        "hashed_secret": "5baa61e4c9b93f3f0682250b6cf8331b7ee68fd8",
        "is_verified": false,
        "line_number": 1233
      }
    ],
    "modules/whisper-service/ffmpeg/doc/ffplay-all.html": [
      {
        "type": "Basic Auth Credentials",
        "filename": "modules/whisper-service/ffmpeg/doc/ffplay-all.html",
        "hashed_secret": "5baa61e4c9b93f3f0682250b6cf8331b7ee68fd8",
        "is_verified": false,
        "line_number": 10429
      }
    ],
    "modules/whisper-service/ffmpeg/doc/ffprobe-all.html": [
      {
        "type": "Basic Auth Credentials",
        "filename": "modules/whisper-service/ffmpeg/doc/ffprobe-all.html",
        "hashed_secret": "5baa61e4c9b93f3f0682250b6cf8331b7ee68fd8",
        "is_verified": false,
        "line_number": 10782
      }
    ],
    "modules/whisper-service/ffmpeg/doc/platform.html": [
      {
        "type": "Base64 High Entropy String",
        "filename": "modules/whisper-service/ffmpeg/doc/platform.html",
        "hashed_secret": "d6c39c42a418cd287c2c446b7234d9f51032fafc",
        "is_verified": false,
        "line_number": 267
      }
    ],
    "reference/vexa/Makefile": [
      {
        "type": "Hex High Entropy String",
        "filename": "reference/vexa/Makefile",
        "hashed_secret": "b8495e6e19b75e48c8e4a079dbbcd41739f67245",
        "is_verified": false,
        "line_number": 354
      }
    ],
    "reference/vexa/docs/self-hosted-management.md": [
      {
        "type": "Hex High Entropy String",
        "filename": "reference/vexa/docs/self-hosted-management.md",
        "hashed_secret": "ef88c81ab1d4e34a90438d77a0c4a946dc8379a3",
        "is_verified": false,
        "line_number": 87
      }
    ],
    "reference/vexa/docs/user_api_guide.md": [
      {
        "type": "Secret Keyword",
        "filename": "reference/vexa/docs/user_api_guide.md",
        "hashed_secret": "d2aed6fe1b9fb7f48da133fbae832118dc50d36f",
        "is_verified": false,
        "line_number": 54
      }
    ],
    "reference/vexa/docs/websocket.md": [
      {
        "type": "Secret Keyword",
        "filename": "reference/vexa/docs/websocket.md",
        "hashed_secret": "cf4a956e75901c220c0f5fbaec41987fc6177345",
        "is_verified": false,
        "line_number": 343
      }
    ],
    "reference/vexa/libs/shared-models/alembic/versions/5befe308fa8b_add_data_field_to_users_table.py": [
      {
        "type": "Hex High Entropy String",
        "filename": "reference/vexa/libs/shared-models/alembic/versions/5befe308fa8b_add_data_field_to_users_table.py",
        "hashed_secret": "b8495e6e19b75e48c8e4a079dbbcd41739f67245",
        "is_verified": false,
        "line_number": 15
      }
    ],
    "reference/vexa/libs/shared-models/alembic/versions/dc59a1c03d1f_add_meeting_data_jsonb_column.py": [
      {
        "type": "Hex High Entropy String",
        "filename": "reference/vexa/libs/shared-models/alembic/versions/dc59a1c03d1f_add_meeting_data_jsonb_column.py",
        "hashed_secret": "b8495e6e19b75e48c8e4a079dbbcd41739f67245",
        "is_verified": false,
        "line_number": 13
      }
    ],
    "reference/vexa/services/WhisperLive/README.md": [
      {
        "type": "Basic Auth Credentials",
        "filename": "reference/vexa/services/WhisperLive/README.md",
        "hashed_secret": "d033e22ae348aeb5660fc2140aec35850c4da997",
        "is_verified": false,
        "line_number": 130
      }
    ],
    "reference/vexa/services/WhisperLive/docs/html/.buildinfo": [
      {
        "type": "Hex High Entropy String",
        "filename": "reference/vexa/services/WhisperLive/docs/html/.buildinfo",
        "hashed_secret": "5eda278218e203cd854a2272764cd9d2813b098f",
        "is_verified": false,
        "line_number": 3
      },
      {
        "type": "Hex High Entropy String",
        "filename": "reference/vexa/services/WhisperLive/docs/html/.buildinfo",
        "hashed_secret": "63256a38625700f409b7ec5db8fa05ffd2cb88b2",
        "is_verified": false,
        "line_number": 4
      }
    ],
    "reference/vexa/services/WhisperLive/docs/html/searchindex.js": [
      {
        "type": "Hex High Entropy String",
        "filename": "reference/vexa/services/WhisperLive/docs/html/searchindex.js",
        "hashed_secret": "1528e41cafa7bb604e82bcc72bb3827e136d35d5",
        "is_verified": false,
        "line_number": 1
      }
    ],
    "reference/vexa/services/mcp/README.md": [
      {
        "type": "Secret Keyword",
        "filename": "reference/vexa/services/mcp/README.md",
        "hashed_secret": "d2aed6fe1b9fb7f48da133fbae832118dc50d36f",
        "is_verified": false,
        "line_number": 53
      }
    ],
    "reference/vexa/services/mcp/config.json": [
      {
        "type": "Base64 High Entropy String",
        "filename": "reference/vexa/services/mcp/config.json",
        "hashed_secret": "547f00668648b838ef4c5e0ac5fb639665c854b2",
        "is_verified": false,
        "line_number": 13
      },
      {
        "type": "Secret Keyword",
        "filename": "reference/vexa/services/mcp/config.json",
        "hashed_secret": "547f00668648b838ef4c5e0ac5fb639665c854b2",
        "is_verified": false,
        "line_number": 13
      }
    ],
    "reference/vexa/services/transcription-collector/config.py": [
      {
        "type": "Secret Keyword",
        "filename": "reference/vexa/services/transcription-collector/config.py",
        "hashed_secret": "27b924db06a28cc755fb07c54f0fddc30659fe4d",
        "is_verified": false,
        "line_number": 27
      }
    ],
    "reference/vexa/testing/run_vexa_interaction.sh": [
      {
        "type": "Secret Keyword",
        "filename": "reference/vexa/testing/run_vexa_interaction.sh",
        "hashed_secret": "2be88ca4242c76e8253ac62474851065032d6833",
        "is_verified": false,
        "line_number": 194
      }
    ],
    "scripts/quick_db_setup.sh": [
      {
        "type": "Secret Keyword",
        "filename": "scripts/quick_db_setup.sh",
        "hashed_secret": "cbfdac6008f9cab4083784cbd1874f76618d2a97",
        "is_verified": false,
        "line_number": 30
      },
      {
        "type": "Secret Keyword",
        "filename": "scripts/quick_db_setup.sh",
        "hashed_secret": "3b3095c65f614250957c145eef05630edb3b6843",
        "is_verified": false,
        "line_number": 48
      }
    ],
    "scripts/setup_postgres.sh": [
      {
        "type": "Secret Keyword",
        "filename": "scripts/setup_postgres.sh",
        "hashed_secret": "67caa4c06652ef622b55ef36808179d4625aefd1",
        "is_verified": false,
        "line_number": 17
      }
    ],
    "scripts/start-database.sh": [
      {
        "type": "Secret Keyword",
        "filename": "scripts/start-database.sh",
        "hashed_secret": "90674ff718bf6e4f645e384acb0af6d7d9fc519b",
        "is_verified": false,
        "line_number": 253
      },
      {
        "type": "Secret Keyword",
        "filename": "scripts/start-database.sh",
        "hashed_secret": "3d3aedb6a18cfa62b807752eaa08d0564f1a58ba",
        "is_verified": false,
        "line_number": 254
      },
      {
        "type": "Secret Keyword",
        "filename": "scripts/start-database.sh",
        "hashed_secret": "67caa4c06652ef622b55ef36808179d4625aefd1",
        "is_verified": false,
        "line_number": 256
      },
      {
        "type": "Secret Keyword",
        "filename": "scripts/start-database.sh",
        "hashed_secret": "d033e22ae348aeb5660fc2140aec35850c4da997",
        "is_verified": false,
        "line_number": 257
      }
    ],
    "tests/integration/README.md": [
      {
        "type": "Basic Auth Credentials",
        "filename": "tests/integration/README.md",
        "hashed_secret": "c94d65f02a652d11c2e5c2e1ccf38dce5a076e1e",
        "is_verified": false,
        "line_number": 224
      }
    ],
    "tests/integration/conftest.py": [
      {
        "type": "Basic Auth Credentials",
        "filename": "tests/integration/conftest.py",
        "hashed_secret": "c94d65f02a652d11c2e5c2e1ccf38dce5a076e1e",
        "is_verified": false,
        "line_number": 28
      }
    ],
    "tests/integration/docker-compose.test.yml": [
      {
        "type": "Secret Keyword",
        "filename": "tests/integration/docker-compose.test.yml",
        "hashed_secret": "5a0aee0f3af308cd6d74d617fde6592c2bc94fa3",
        "is_verified": false,
        "line_number": 14
      }
    ]
  },
  "generated_at": "2026-02-16T20:28:20Z"
}
